// Jest Snapshot v1, https://goo.gl/fbAQLP

exports[`Testing for GifGrid component Must match the snapshot 1`] = `
<Fragment>
  <h3>
    Gintama
  </h3>
  <p
    className="animate__animated animate__flash"
  >
    Loading...
  </p>
  <div
    className="card-grid"
  />
</Fragment>
`;
